
> vite_react_shadcn_ts@0.0.0 build
> next build

node.exe : ΓÜá turbopack.root should be absolute, using: 
C:\Users\HP\Documents\2026\Hackathons\CacaoFlow
At line:1 char:1
+ & "C:\Program Files\nodejs/node.exe" "C:\Program 
Files\nodejs/node_mo ...
+ ~~~~~~~~~~~~~~~~~~~~~~~~~~~~~~~~~~~~~~~~~~~~~~~~~~~~~~~~~~~
~~~~~~~~~~
    + CategoryInfo          : NotSpecified: (ΓÜá turbopack.r 
   ...thons\CacaoFlow:String) [], RemoteException
    + FullyQualifiedErrorId : NativeCommandError
 
Γû▓ Next.js 16.2.0 (Turbopack)

  Creating an optimized production build ...
Browserslist: browsers data (caniuse-lite) is 9 months old. 
Please run:
  npx update-browserslist-db@latest
  Why you should do it regularly: 
https://github.com/browserslist/update-db#readme
Γ£ô Compiled successfully in 5.6s
  Running TypeScript ...
  Finished TypeScript in 11.3s ...
  Collecting page data using 11 workers ...
  Generating static pages using 11 workers (0/13) ...
  Generating static pages using 11 workers (3/13) 
  Generating static pages using 11 workers (6/13) 
  Generating static pages using 11 workers (9/13) 
Γ£ô Generating static pages using 11 workers (13/13) in 1064ms
  Finalizing page optimization ...

Route (app)
Γöî Γùï /
Γö£ Γùï /_not-found
Γö£ Γùï /app
Γö£ Γùï /app/financing
Γö£ Γùï /app/lots
Γö£ Γùï /app/opportunities
Γö£ ΓùÅ /app/opportunities/[id]
Γöé Γö£ /app/opportunities/OPP-2026-001
Γöé Γö£ /app/opportunities/OPP-2026-002
Γöé Γö£ /app/opportunities/OPP-2026-003
Γöé Γöö /app/opportunities/OPP-2026-004
Γö£ Γùï /app/register
Γöö Γùï /app/simulation


Γùï  (Static)  prerendered as static content
ΓùÅ  (SSG)     prerendered as static HTML (uses generateStaticParams)

